I'm sorry, but errors were detected in your script. Please correct the
errors listed below, and try again.


File "game/000_images/code_transforms.rpy", line 8: ATL statement contains two expressions in a row; is one of them a misspelled property? If not, separate them with pass.
    linear 4.0 yalign 0.0
               ^

Ren'Py Version: Ren'Py 8.1.0.23051307
Sat May  4 16:45:29 2024
